Microchip MPLAB XC8 Compiler V2.35

Linker command line:

-W-3 --edf=C:\Program Files\Microchip\xc8\v2.35\pic\dat\en_msgs.txt -cn \
  -h+dist/default/production\LAB8_PuC.X.production.sym \
  --cmf=dist/default/production\LAB8_PuC.X.production.cmf -z -Q16F887 \
  -oC:\Users\usuario\AppData\Local\Temp\xcAs3bc.4 --defsym=__MPLAB_BUILD=1 \
  -Mdist/default/production/LAB8_PuC.X.production.map \
  --md=C:\Users\usuario\AppData\Local\Temp\xcAs3bc.dat -E1 \
  -ver=XC8 Compiler --acfsm=1493 -ACODE=00h-07FFhx4 -ASTRCODE=00h-01FFFh \
  -ASTRING=00h-0FFhx32 -ACONST=00h-0FFhx32 -AENTRY=00h-0FFhx32 \
  -ACOMMON=070h-07Fh -ABANK0=020h-06Fh -ABANK1=0A0h-0EFh \
  -ABANK2=0110h-016Fh -ABANK3=0190h-01EFh \
  -ARAM=020h-06Fh,0A0h-0EFh,0110h-016Fh,0190h-01EFh \
  -AABS1=020h-07Fh,0A0h-0EFh,0110h-016Fh,0190h-01EFh -ASFR0=00h-01Fh \
  -ASFR1=080h-09Fh -ASFR2=0100h-010Fh -ASFR3=0180h-018Fh \
  -ACONFIG=02007h-02008h -DCONFIG=2 -AIDLOC=02000h-02003h -DIDLOC=2 \
  -AEEDATA=00h-0FFh/02100h -peeprom_data=EEDATA -DEEDATA=2 -DCODE=2 \
  -DSTRCODE=2 -DSTRING=2 -DCONST=2 -DENTRY=2 \
  -preset_vec=00h,intentry=04h,init,end_init -ppowerup=CODE -pcinit=CODE \
  -pfunctab=ENTRY -k C:\Users\usuario\AppData\Local\Temp\xcAs3bc.o \
  dist/default/production\LAB8_PuC.X.production.o 

Object code version is 3.11

Machine type is 16F887



                Name                               Link     Load   Length Selector   Space Scale
C:\Users\usuario\AppData\Local\Temp\xcAs3bc.o
                end_init                              C        C        3        8       0
                reset_vec                             0        0        3        0       0
                config                             2007     2007        2        0       4
                idloc                              2000     2000        4        0       5
dist/default/production\LAB8_PuC.X.production.o
                cinit                                 F        F       10        8       0
                intentry                              4        4        8        8       0
                config                             2007     2007        2        0       4
                idloc                              2000     2000        4        0       5
                text8                               2EB      2EB        A        8       0
                text7                               267      267       43        8       0
                text6                               112      112       5D        8       0
                text5                               21D      21D       4A        8       0
                text4                                A9       A9       69        8       0
                text3                               16F      16F       5B        8       0
                text2                                1F       1F       8A        8       0
                text1                               1CA      1CA       53        8       0
                maintext                            2AA      2AA       41        8       0
                cstackBANK0                          20       20        C       20       1
                cstackCOMMON                         70       70        8       70       1
                bssBANK0                             2C       2C        9       20       1
                bssCOMMON                            78       78        1       70       1

TOTAL           Name                               Link     Load   Length     Space
        CLASS   CODE           
                end_init                              C        C        3         0
                cinit                                 F        F       10         0
                intentry                              4        4        8         0
                reset_vec                             0        0        3         0
                text8                               2EB      2EB        A         0
                text7                               267      267       43         0
                text6                               112      112       5D         0
                text5                               21D      21D       4A         0
                text4                                A9       A9       69         0
                text3                               16F      16F       5B         0
                text2                                1F       1F       8A         0
                text1                               1CA      1CA       53         0
                maintext                            2AA      2AA       41         0

        CLASS   STRCODE        

        CLASS   STRING         

        CLASS   CONST          

        CLASS   ENTRY          

        CLASS   COMMON         
                cstackCOMMON                         70       70        8         1
                bssCOMMON                            78       78        1         1

        CLASS   BANK0          
                cstackBANK0                          20       20        C         1
                bssBANK0                             2C       2C        9         1

        CLASS   BANK1          

        CLASS   BANK2          

        CLASS   BANK3          

        CLASS   RAM            

        CLASS   ABS1           
                abs_s1                               7E       7E        2         1

        CLASS   SFR0           

        CLASS   SFR1           

        CLASS   SFR2           

        CLASS   SFR3           

        CLASS   CONFIG         
                config                             2007     2007        2         4

        CLASS   IDLOC          
                idloc                              2000     2000        4         5

        CLASS   EEDATA         

        CLASS   STACK          



SEGMENTS        Name                           Load    Length   Top    Selector   Space  Class     Delta

                reset_vec                      000000  000003  000003         0       0  CODE        2
                intentry                       000004  0002F1  0002F5         8       0  CODE        2
                cstackBANK0                    000020  000015  000035        20       1  BANK0       1
                cstackCOMMON                   000070  000009  000079        70       1  COMMON      1


UNUSED ADDRESS RANGES

        Name                Unused          Largest block    Delta
        BANK0            0035-006F             3B           1
        BANK1            00A0-00EF             50           1
        BANK2            0110-016F             60           1
        BANK3            0190-01EF             60           1
        CODE             0003-0003              1           2
                         02F5-1FFF            800
        COMMON           0079-007D              5           1
        CONST            0003-0003              1           2
                         02F5-1FFF            100
        EEDATA           2100-21FF            100           2
        ENTRY            0003-0003              1           2
                         02F5-1FFF            100
        RAM              0035-006F             3B           1
                         00A0-00EF             50
                         0110-016F             60
                         0190-01EF             60
        SFR0             0000-001F             20           1
        SFR1             0080-009F             20           1
        SFR2             0100-010F             10           1
        SFR3             0180-018F             10           1
        STRCODE          0003-0003              1           2
                         02F5-1FFF           1D0B
        STRING           0003-0003              1           2
                         02F5-1FFF            100

                                  Symbol Table

?___awdiv                cstackBANK0  0020
?___awmod                cstackBANK0  0020
?_map                    cstackCOMMON 0070
_ADCON0bits              (abs)        001F
_ADCON1bits              (abs)        009F
_ADRESH                  (abs)        001E
_ANSEL                   (abs)        0188
_ANSELH                  (abs)        0189
_INTCONbits              (abs)        000B
_OPTION_REGbits          (abs)        0081
_OSCCONbits              (abs)        008F
_PIE1bits                (abs)        008C
_PIR1bits                (abs)        000C
_PORTA                   (abs)        0005
_PORTB                   (abs)        0006
_PORTC                   (abs)        0007
_PORTCbits               (abs)        0007
_PORTD                   (abs)        0008
_PORTDbits               (abs)        0008
_TMR0                    (abs)        0001
_TRISA                   (abs)        0085
_TRISB                   (abs)        0086
_TRISC                   (abs)        0087
_TRISD                   (abs)        0088
__Habs1                  abs1         0000
__Hbank0                 bank0        0000
__Hbank1                 bank1        0000
__Hbank2                 bank2        0000
__Hbank3                 bank3        0000
__HbssBANK0              bssBANK0     0000
__HbssCOMMON             bssCOMMON    0000
__Hcinit                 cinit        001F
__Hclrtext               clrtext      0000
__Hcode                  code         0000
__Hcommon                common       0000
__Hconfig                config       2009
__HcstackBANK0           cstackBANK0  0000
__HcstackCOMMON          cstackCOMMON 0000
__Heeprom_data           eeprom_data  0000
__Hend_init              end_init     000F
__Hfunctab               functab      0000
__Hidloc                 idloc        2004
__Hinit                  init         000C
__Hintentry              intentry     000C
__Hmaintext              maintext     0000
__Hpowerup               powerup      0000
__Hram                   ram          0000
__Hreset_vec             reset_vec    0003
__Hsfr0                  sfr0         0000
__Hsfr1                  sfr1         0000
__Hsfr2                  sfr2         0000
__Hsfr3                  sfr3         0000
__Hspace_0               (abs)        02F5
__Hspace_1               (abs)        0079
__Hspace_2               (abs)        0000
__Hspace_3               (abs)        0000
__Hspace_4               (abs)        4010
__Hstack                 stack        0000
__Hstrings               strings      0000
__Htext                  text         0000
__Labs1                  abs1         0000
__Lbank0                 bank0        0000
__Lbank1                 bank1        0000
__Lbank2                 bank2        0000
__Lbank3                 bank3        0000
__LbssBANK0              bssBANK0     0000
__LbssCOMMON             bssCOMMON    0000
__Lcinit                 cinit        000F
__Lclrtext               clrtext      0000
__Lcode                  code         0000
__Lcommon                common       0000
__Lconfig                config       0000
__LcstackBANK0           cstackBANK0  0000
__LcstackCOMMON          cstackCOMMON 0000
__Leeprom_data           eeprom_data  0000
__Lend_init              end_init     000C
__Lfunctab               functab      0000
__Lidloc                 idloc        0000
__Linit                  init         000C
__Lintentry              intentry     0004
__Lmaintext              maintext     0000
__Lpowerup               powerup      0000
__Lram                   ram          0000
__Lreset_vec             reset_vec    0000
__Lsfr0                  sfr0         0000
__Lsfr1                  sfr1         0000
__Lsfr2                  sfr2         0000
__Lsfr3                  sfr3         0000
__Lspace_0               (abs)        0000
__Lspace_1               (abs)        0000
__Lspace_2               (abs)        0000
__Lspace_3               (abs)        0000
__Lspace_4               (abs)        0000
__Lstack                 stack        0000
__Lstrings               strings      0000
__Ltext                  text         0000
__S0                     (abs)        02F5
__S1                     (abs)        0079
__S3                     (abs)        0000
___awdiv                 text4        00A9
___awdiv@counter         cstackBANK0  0025
___awdiv@dividend        cstackBANK0  0022
___awdiv@divisor         cstackBANK0  0020
___awdiv@quotient        cstackBANK0  0027
___awdiv@sign            cstackBANK0  0026
___awmod                 text3        016F
___awmod@counter         cstackBANK0  0025
___awmod@dividend        cstackBANK0  0022
___awmod@divisor         cstackBANK0  0020
___awmod@sign            cstackBANK0  0026
___int_sp                stack        0000
___latbits               (abs)        0002
___sp                    stack        0000
___stackhi               (abs)        0000
___stacklo               (abs)        0000
__end_of___awdiv         text4        0112
__end_of___awmod         text3        01CA
__end_of__initialization cinit        001B
__end_of_isr             text7        02AA
__end_of_main            maintext     02EB
__end_of_map             text8        02F5
__end_of_multiplexado    text5        0267
__end_of_obtener_decimal text2        00A9
__end_of_setup           text1        021D
__end_of_tabla_7seg      text6        016F
__initialization         cinit        000F
__pbssBANK0              bssBANK0     002C
__pbssCOMMON             bssCOMMON    0078
__pcstackBANK0           cstackBANK0  0020
__pcstackCOMMON          cstackCOMMON 0070
__pintentry              intentry     0004
__pmaintext              maintext     02AA
__ptext1                 text1        01CA
__ptext2                 text2        001F
__ptext3                 text3        016F
__ptext4                 text4        00A9
__ptext5                 text5        021D
__ptext6                 text6        0112
__ptext7                 text7        0267
__ptext8                 text8        02EB
_centenas                bssBANK0     002C
_decenas                 bssBANK0     002E
_isr                     text7        0267
_main                    maintext     02AA
_map                     text8        02EB
_multiplexado            text5        021D
_obtener_decimal         text2        001F
_selector                bssCOMMON    0078
_setup                   text1        01CA
_tabla_7seg              text6        0112
_unidades                bssBANK0     0030
_valor                   bssBANK0     0032
_valor_tabla             bssBANK0     0034
btemp                    (abs)        007E
end_of_initialization    cinit        001B
interrupt_function       intentry     0004
intlevel0                functab      0000
intlevel1                functab      0000
intlevel2                functab      0000
intlevel3                functab      0000
intlevel4                functab      0000
intlevel5                functab      0000
map@val                  cstackCOMMON 0074
multiplexado@selector    cstackBANK0  0025
obtener_decimal@valor    cstackBANK0  0029
reset_vec                reset_vec    0000
saved_w                  (abs)        007E
start                    init         000C
start_initialization     cinit        000F
tabla_7seg@decimal       cstackBANK0  0020
wtemp0                   (abs)        007E


MODULE INFORMATION

Module		Function		Class		Link	Load	Size
C:\Program Files\Microchip\xc8\v2.35\pic\sources\c90\common\awmod.c
		___awmod       		CODE           	016F	0000	91

C:\Program Files\Microchip\xc8\v2.35\pic\sources\c90\common\awmod.c estimated size: 91

C:\Program Files\Microchip\xc8\v2.35\pic\sources\c90\common\awdiv.c
		___awdiv       		CODE           	00A9	0000	105

C:\Program Files\Microchip\xc8\v2.35\pic\sources\c90\common\awdiv.c estimated size: 105

mainL8.c
		_tabla_7seg    		CODE           	0112	0000	93
		_map           		CODE           	02EB	0000	10
		_main          		CODE           	02AA	0000	65
		_multiplexado  		CODE           	021D	0000	74
		_isr           		CODE           	0267	0000	67
		_obtener_decimal		CODE           	001F	0000	138
		_setup         		CODE           	01CA	0000	83

mainL8.c estimated size: 530

shared
		__initialization		CODE           	000F	0000	12

shared estimated size: 12

